<html>
<body>
<pre>
<h1>µVision Build Log</h1>
<h2>Project:</h2>
F:\2014.4.1¡Ë≥ø1µ„\Project\STM32F10x_StdPeriph_Template\MDK-ARM\Project.uvproj
Project File Date:  04/28/2014

<h2>Output:</h2>
Build target 'STM32100E-EVAL'
compiling app.c...
linking...
Program Size: Code=4288 RO-data=268 RW-data=136 ZI-data=3200  
FromELF: creating hex file...
".\output\outptu.axf" - 0 Error(s), 0 Warning(s).
Load "F:\\2014.4.1¡Ë≥ø1µ„\\Project\\STM32F10x_StdPeriph_Template\\MDK-ARM\\output\\outptu.axf" 
Full Chip Erase Done.
Programming Done.
Verify OK.
Build target 'STM32100E-EVAL'
compiling app.c...
linking...
Program Size: Code=4284 RO-data=268 RW-data=136 ZI-data=3200  
FromELF: creating hex file...
".\output\outptu.axf" - 0 Error(s), 0 Warning(s).
Load "F:\\2014.4.1¡Ë≥ø1µ„\\Project\\STM32F10x_StdPeriph_Template\\MDK-ARM\\output\\outptu.axf" 
Full Chip Erase Done.
Programming Done.
Verify OK.
Build target 'STM32100E-EVAL'
compiling app.c...
linking...
Program Size: Code=4280 RO-data=268 RW-data=136 ZI-data=3200  
FromELF: creating hex file...
".\output\outptu.axf" - 0 Error(s), 0 Warning(s).
Load "F:\\2014.4.1¡Ë≥ø1µ„\\Project\\STM32F10x_StdPeriph_Template\\MDK-ARM\\output\\outptu.axf" 
Full Chip Erase Done.
Programming Done.
Verify OK.
Build target 'STM32100E-EVAL'
compiling app.c...
linking...
Program Size: Code=4284 RO-data=268 RW-data=136 ZI-data=3200  
FromELF: creating hex file...
".\output\outptu.axf" - 0 Error(s), 0 Warning(s).
Load "F:\\2014.4.1¡Ë≥ø1µ„\\Project\\STM32F10x_StdPeriph_Template\\MDK-ARM\\output\\outptu.axf" 
Full Chip Erase Done.
Programming Done.
Verify OK.
Build target 'STM32100E-EVAL'
compiling app.c...
linking...
Program Size: Code=4292 RO-data=268 RW-data=136 ZI-data=3200  
FromELF: creating hex file...
".\output\outptu.axf" - 0 Error(s), 0 Warning(s).
Load "F:\\2014.4.1¡Ë≥ø1µ„\\Project\\STM32F10x_StdPeriph_Template\\MDK-ARM\\output\\outptu.axf" 
Full Chip Erase Done.
Programming Done.
Verify OK.
Build target 'STM32100E-EVAL'
compiling bsp.c...
compiling app.c...
linking...
Program Size: Code=4668 RO-data=268 RW-data=136 ZI-data=3200  
FromELF: creating hex file...
".\output\outptu.axf" - 0 Error(s), 0 Warning(s).
Load "F:\\2014.4.1¡Ë≥ø1µ„\\Project\\STM32F10x_StdPeriph_Template\\MDK-ARM\\output\\outptu.axf" 
Load "F:\\2014.4.1¡Ë≥ø1µ„\\Project\\STM32F10x_StdPeriph_Template\\MDK-ARM\\output\\outptu.axf" 
Full Chip Erase Done.
Programming Done.
Verify OK.
Build target 'STM32100E-EVAL'
compiling stm32f10x_it.c...
compiling main.c...
compiling bsp_wdg.c...
compiling bsp.c...
compiling bsp_key.c...
compiling bsp_led.c...
compiling bsp_timer.c...
compiling bsp_uart_fifo.c...
compiling app.c...
linking...
Program Size: Code=4700 RO-data=268 RW-data=140 ZI-data=3204  
FromELF: creating hex file...
".\output\outptu.axf" - 0 Error(s), 0 Warning(s).
Build target 'STM32100E-EVAL'
compiling bsp_wdg.c...
linking...
Program Size: Code=4692 RO-data=268 RW-data=140 ZI-data=3204  
FromELF: creating hex file...
".\output\outptu.axf" - 0 Error(s), 0 Warning(s).
Load "F:\\2014.4.1¡Ë≥ø1µ„\\Project\\STM32F10x_StdPeriph_Template\\MDK-ARM\\output\\outptu.axf" 
Full Chip Erase Done.
Programming Done.
Verify OK.
Build target 'STM32100E-EVAL'
compiling bsp_wdg.c...
linking...
Program Size: Code=4696 RO-data=268 RW-data=140 ZI-data=3204  
FromELF: creating hex file...
".\output\outptu.axf" - 0 Error(s), 0 Warning(s).
Load "F:\\2014.4.1¡Ë≥ø1µ„\\Project\\STM32F10x_StdPeriph_Template\\MDK-ARM\\output\\outptu.axf" 
Full Chip Erase Done.
Programming Done.
Verify OK.
Build target 'STM32100E-EVAL'
compiling bsp_wdg.c...
compiling bsp_timer.c...
linking...
Program Size: Code=4696 RO-data=268 RW-data=140 ZI-data=3204  
FromELF: creating hex file...
".\output\outptu.axf" - 0 Error(s), 0 Warning(s).
Load "F:\\2014.4.1¡Ë≥ø1µ„\\Project\\STM32F10x_StdPeriph_Template\\MDK-ARM\\output\\outptu.axf" 
Full Chip Erase Done.
Programming Done.
Verify OK.
Build target 'STM32100E-EVAL'
compiling bsp_wdg.c...
linking...
Program Size: Code=4696 RO-data=268 RW-data=140 ZI-data=3204  
FromELF: creating hex file...
".\output\outptu.axf" - 0 Error(s), 0 Warning(s).
Load "F:\\2014.4.1¡Ë≥ø1µ„\\Project\\STM32F10x_StdPeriph_Template\\MDK-ARM\\output\\outptu.axf" 
Full Chip Erase Done.
Programming Done.
Verify OK.
Build target 'STM32100E-EVAL'
compiling bsp_key.c...
compiling app.c...
linking...
Program Size: Code=4920 RO-data=268 RW-data=140 ZI-data=3204  
FromELF: creating hex file...
".\output\outptu.axf" - 0 Error(s), 0 Warning(s).
Load "F:\\2014.4.1¡Ë≥ø1µ„\\Project\\STM32F10x_StdPeriph_Template\\MDK-ARM\\output\\outptu.axf" 
Full Chip Erase Done.
Programming Done.
Verify OK.
